Log file open, 06/30/24 18:28:15
LogWindows: Failed to load 'aqProf.dll' (GetLastError=126)
LogWindows: File 'aqProf.dll' does not exist
LogWindows: Failed to load 'VtuneApi.dll' (GetLastError=126)
LogWindows: File 'VtuneApi.dll' does not exist
LogWindows: Failed to load 'VtuneApi32e.dll' (GetLastError=126)
LogWindows: File 'VtuneApi32e.dll' does not exist
LogConsoleResponse: Display: Failed to find resolution value strings in scalability ini. Falling back to default.
LogConsoleResponse: Display: Failed to find resolution value strings in scalability ini. Falling back to default.
LogInit: Display: Running engine for game: EscapeTheBackrooms
LogPlatformFile: Not using cached read wrapper
LogTaskGraph: Started task graph with 5 named threads and 35 total threads with 3 sets of task threads.
LogStats: Stats thread started at 0.614899
LogICUInternationalization: ICU TimeZone Detection - Raw Offset: -3:00, Platform Override: ''
LogInit: Display: Loading text-based GConfig....
LogPluginManager: Mounting plugin MeshPainting
LogPluginManager: Mounting plugin XGEController
LogPluginManager: Mounting plugin Paper2D
LogPluginManager: Mounting plugin EnvironmentQueryEditor
LogPluginManager: Mounting plugin LiveLink
LogPluginManager: Mounting plugin LightPropagationVolume
LogPluginManager: Mounting plugin CameraShakePreviewer
LogPluginManager: Mounting plugin AnimationSharing
LogPluginManager: Mounting plugin CLionSourceCodeAccess
LogPluginManager: Mounting plugin CodeLiteSourceCodeAccess
LogPluginManager: Mounting plugin GitSourceControl
LogPluginManager: Mounting plugin NullSourceCodeAccess
LogPluginManager: Mounting plugin KDevelopSourceCodeAccess
LogPluginManager: Mounting plugin PerforceSourceControl
LogPluginManager: Mounting plugin PixWinPlugin
LogPluginManager: Mounting plugin PlasticSourceControl
LogPluginManager: Mounting plugin PropertyAccessNode
LogPluginManager: Mounting plugin PluginUtils
LogPluginManager: Mounting plugin RiderSourceCodeAccess
LogPluginManager: Mounting plugin TextureFormatOodle
LogPluginManager: Mounting plugin SubversionSourceControl
LogPluginManager: Mounting plugin UObjectPlugin
LogPluginManager: Mounting plugin VisualStudioSourceCodeAccess
LogPluginManager: Mounting plugin OodleData
LogPluginManager: Mounting plugin GameplayCameras
LogPluginManager: Mounting plugin VisualStudioCodeSourceCodeAccess
LogPluginManager: Mounting plugin OodleNetwork
LogPluginManager: Mounting plugin XCodeSourceCodeAccess
LogPluginManager: Mounting plugin Niagara
LogPluginManager: Mounting plugin DatasmithContent
LogPluginManager: Mounting plugin VariantManagerContent
LogPluginManager: Mounting plugin BackChannel
LogPluginManager: Mounting plugin AutomationUtils
LogPluginManager: Mounting plugin ChaosCloth
LogPluginManager: Mounting plugin ChaosClothEditor
LogPluginManager: Mounting plugin ChaosEditor
LogPluginManager: Mounting plugin ChaosNiagara
LogPluginManager: Mounting plugin ChaosSolverPlugin
LogPluginManager: Mounting plugin CharacterAI
LogPluginManager: Mounting plugin GeometryCache
LogPluginManager: Mounting plugin GeometryCollectionPlugin
LogPluginManager: Mounting plugin GeometryProcessing
LogPluginManager: Mounting plugin AlembicImporter
LogPluginManager: Mounting plugin MotoSynth
LogPluginManager: Mounting plugin OpenImageDenoise
LogPluginManager: Mounting plugin PlatformCrypto
LogPluginManager: Mounting plugin ProxyLODPlugin
LogPluginManager: Mounting plugin PythonScriptPlugin
LogPluginManager: Mounting plugin PlanarCut
LogPluginManager: Mounting plugin SkeletalReduction
LogPluginManager: Mounting plugin LuminPlatformFeatures
LogPluginManager: Mounting plugin MagicLeap
LogPluginManager: Mounting plugin MagicLeapLightEstimation
LogPluginManager: Mounting plugin MagicLeapMedia
LogPluginManager: Mounting plugin MagicLeapPassableWorld
LogPluginManager: Mounting plugin MLSDK
LogPluginManager: Mounting plugin AndroidMedia
LogPluginManager: Mounting plugin AvfMedia
LogPluginManager: Mounting plugin ImgMedia
LogPluginManager: Mounting plugin MediaCompositing
LogPluginManager: Mounting plugin MediaPlayerEditor
LogPluginManager: Mounting plugin WebMMedia
LogPluginManager: Mounting plugin WmfMedia
LogPluginManager: Mounting plugin TcpMessaging
LogPluginManager: Mounting plugin UdpMessaging
LogPluginManager: Mounting plugin OnlineSubsystem
LogPluginManager: Mounting plugin OnlineSubsystemNull
LogPluginManager: Mounting plugin OnlineSubsystemUtils
LogPluginManager: Mounting plugin LauncherChunkInstaller
LogPluginManager: Mounting plugin ActorLayerUtilities
LogPluginManager: Mounting plugin AndroidMoviePlayer
LogPluginManager: Mounting plugin AndroidDeviceProfileSelector
LogPluginManager: Mounting plugin AppleImageUtils
LogPluginManager: Mounting plugin AppleMoviePlayer
LogPluginManager: Mounting plugin AndroidPermission
LogPluginManager: Mounting plugin ArchVisCharacter
LogPluginManager: Mounting plugin AssetTags
LogPluginManager: Mounting plugin AudioSynesthesia
LogPluginManager: Mounting plugin CableComponent
LogPluginManager: Mounting plugin ChunkDownloader
LogPluginManager: Mounting plugin CustomMeshComponent
LogPluginManager: Mounting plugin EditableMesh
LogPluginManager: Mounting plugin ExampleDeviceProfileSelector
LogPluginManager: Mounting plugin GooglePAD
LogPluginManager: Mounting plugin AudioCapture
LogPluginManager: Mounting plugin GoogleCloudMessaging
LogPluginManager: Mounting plugin ScreenshotTools
LogPluginManager: Mounting plugin IOSDeviceProfileSelector
LogPluginManager: Mounting plugin LinuxDeviceProfileSelector
LogPluginManager: Mounting plugin LocationServicesBPLibrary
LogPluginManager: Mounting plugin MobilePatchingUtils
LogPluginManager: Mounting plugin OpenXR
LogPluginManager: Mounting plugin OpenXREyeTracker
LogPluginManager: Mounting plugin OpenXRHandTracking
LogPluginManager: Mounting plugin PhysXVehicles
LogPluginManager: Mounting plugin PostSplashScreen
LogPluginManager: Mounting plugin ProceduralMeshComponent
LogPluginManager: Mounting plugin PropertyAccessEditor
LogPluginManager: Mounting plugin RuntimePhysXCooking
LogPluginManager: Mounting plugin SignificanceManager
LogPluginManager: Mounting plugin SoundFields
LogPluginManager: Mounting plugin Synthesis
LogPluginManager: Mounting plugin WebMMoviePlayer
LogPluginManager: Mounting plugin WindowsMoviePlayer
LogPluginManager: Mounting plugin AISupport
LogPluginManager: Mounting plugin Takes
LogPluginManager: Mounting plugin AssetManagerEditor
LogPluginManager: Mounting plugin CryptoKeys
LogPluginManager: Mounting plugin CurveEditorTools
LogPluginManager: Mounting plugin DataValidation
LogPluginManager: Mounting plugin FacialAnimation
LogPluginManager: Mounting plugin GameplayTagsEditor
LogPluginManager: Mounting plugin GeometryMode
LogPluginManager: Mounting plugin MacGraphicsSwitching
LogPluginManager: Mounting plugin MobileLauncherProfileWizard
LogPluginManager: Mounting plugin PluginBrowser
LogPluginManager: Mounting plugin SpeedTreeImporter
LogPluginManager: Mounting plugin MaterialAnalyzer
LogPluginManager: Mounting plugin ActorSequence
LogPluginManager: Mounting plugin LevelSequenceEditor
LogPluginManager: Mounting plugin MatineeToLevelSequence
LogPluginManager: Mounting plugin TemplateSequence
LogPluginManager: Mounting plugin OnlineSubsystemGooglePlay
LogPluginManager: Mounting plugin OnlineSubsystemIOS
LogPluginManager: Mounting plugin OculusVR
LogPluginManager: Mounting plugin SteamVR
LogPluginManager: Mounting plugin ContentBrowserAssetDataSource
LogPluginManager: Mounting plugin ContentBrowserClassDataSource
LogPluginManager: Mounting plugin ContentBrowserFileDataSource
PixWinPlugin: PIX capture plugin failed to initialize! Check that the process is launched from PIX.
LogInit: Using libcurl 7.55.1-DEV
LogInit:  - built for x86_64-pc-win32
LogInit:  - supports SSL with OpenSSL/1.1.1
LogInit:  - supports HTTP deflate (compression) using libz 1.2.8
LogInit:  - other features:
LogInit:      CURL_VERSION_SSL
LogInit:      CURL_VERSION_LIBZ
LogInit:      CURL_VERSION_IPV6
LogInit:      CURL_VERSION_ASYNCHDNS
LogInit:      CURL_VERSION_LARGEFILE
LogInit:      CURL_VERSION_IDN
LogInit:  CurlRequestOptions (configurable via config and command line):
LogInit:  - bVerifyPeer = true  - Libcurl will verify peer certificate
LogInit:  - bUseHttpProxy = false  - Libcurl will NOT use HTTP proxy
LogInit:  - bDontReuseConnections = false  - Libcurl will reuse connections
LogInit:  - MaxHostConnections = 16  - Libcurl will limit the number of connections to a host
LogInit:  - LocalHostAddr = Default
LogInit:  - BufferSize = 65536
LogOnline: OSS: Creating online subsystem instance for: NULL
LogInit: WinSock: version 1.1 (2.2), MaxSocks=32767, MaxUdp=65467
LogOnline: OSS: TryLoadSubsystemAndSetDefault: Loaded subsystem for module [NULL]
LogOculusPluginWrapper: OculusPlugin initialized successfully
LogHMD: Failed initializing OVRPlugin 1.59.0
LogInit: Build: ++UE4+Release-4.27-CL-18319896
LogInit: Engine Version: 4.27.2-18319896+++UE4+Release-4.27
LogInit: Compatible Engine Version: 4.27.0-17155196+++UE4+Release-4.27
LogInit: Net CL: 17155196
LogInit: OS: Windows 10 (Release 2009) (), CPU: Intel(R) Core(TM) i5-10400F CPU @ 2.90GHz, GPU: AMD Radeon RX 580 2048SP
LogInit: Compiled (64-bit): Nov 30 2021 07:12:08
LogInit: Compiled with Visual C++: 19.24.28315.00
LogInit: Build Configuration: Development
LogInit: Branch Name: ++UE4+Release-4.27
LogInit: Command Line:  127.0.0.1:17777 -game -PIEVIACONSOLE -Multiprocess GameUserSettingsINI=C:/Users/Playeroth/Documents/EscapeTheBackrooms--Mods/MainMod/Saved/Config/Windows/PIEGameUserSettings2.ini -MultiprocessSaveConfig -forcepassthrough -messaging -SessionName="Play in Standalone Game" -windowed -WinX=725 -WinY=124 SAVEWINPOS=1 -ResX=640 -ResY=480
LogInit: Base Directory: C:/Program Files/Epic Games/UE_4.27/Engine/Binaries/Win64/
LogInit: Allocator: TBB
LogInit: Installed Engine Build: 1
LogDevObjectVersion: Number of dev versions registered: 29
LogDevObjectVersion:   Dev-Blueprints (B0D832E4-1F89-4F0D-ACCF-7EB736FD4AA2): 10
LogDevObjectVersion:   Dev-Build (E1C64328-A22C-4D53-A36C-8E866417BD8C): 0
LogDevObjectVersion:   Dev-Core (375EC13C-06E4-48FB-B500-84F0262A717E): 4
LogDevObjectVersion:   Dev-Editor (E4B068ED-F494-42E9-A231-DA0B2E46BB41): 40
LogDevObjectVersion:   Dev-Framework (CFFC743F-43B0-4480-9391-14DF171D2073): 37
LogDevObjectVersion:   Dev-Mobile (B02B49B5-BB20-44E9-A304-32B752E40360): 3
LogDevObjectVersion:   Dev-Networking (A4E4105C-59A1-49B5-A7C5-40C4547EDFEE): 0
LogDevObjectVersion:   Dev-Online (39C831C9-5AE6-47DC-9A44-9C173E1C8E7C): 0
LogDevObjectVersion:   Dev-Physics (78F01B33-EBEA-4F98-B9B4-84EACCB95AA2): 14
LogDevObjectVersion:   Dev-Platform (6631380F-2D4D-43E0-8009-CF276956A95A): 0
LogDevObjectVersion:   Dev-Rendering (12F88B9F-8875-4AFC-A67C-D90C383ABD29): 45
LogDevObjectVersion:   Dev-Sequencer (7B5AE74C-D270-4C10-A958-57980B212A5A): 13
LogDevObjectVersion:   Dev-VR (D7296918-1DD6-4BDD-9DE2-64A83CC13884): 3
LogDevObjectVersion:   Dev-LoadTimes (C2A15278-BFE7-4AFE-6C17-90FF531DF755): 1
LogDevObjectVersion:   Private-Geometry (6EACA3D4-40EC-4CC1-B786-8BED09428FC5): 3
LogDevObjectVersion:   Dev-AnimPhys (29E575DD-E0A3-4627-9D10-D276232CDCEA): 17
LogDevObjectVersion:   Dev-Anim (AF43A65D-7FD3-4947-9873-3E8ED9C1BB05): 15
LogDevObjectVersion:   Dev-ReflectionCapture (6B266CEC-1EC7-4B8F-A30B-E4D90942FC07): 1
LogDevObjectVersion:   Dev-Automation (0DF73D61-A23F-47EA-B727-89E90C41499A): 1
LogDevObjectVersion:   FortniteMain (601D1886-AC64-4F84-AA16-D3DE0DEAC7D6): 47
LogDevObjectVersion:   FortniteRelease (E7086368-6B23-4C58-8439-1B7016265E91): 1
LogDevObjectVersion:   Dev-Enterprise (9DFFBCD6-494F-0158-E221-12823C92A888): 10
LogDevObjectVersion:   Dev-Niagara (F2AED0AC-9AFE-416F-8664-AA7FFA26D6FC): 1
LogDevObjectVersion:   Dev-Destruction (174F1F0B-B4C6-45A5-B13F-2EE8D0FB917D): 10
LogDevObjectVersion:   Dev-Physics-Ext (35F94A83-E258-406C-A318-09F59610247C): 41
LogDevObjectVersion:   Dev-PhysicsMaterial-Chaos (B68FC16E-8B1B-42E2-B453-215C058844FE): 1
LogDevObjectVersion:   Dev-CineCamera (B2E18506-4273-CFC2-A54E-F4BB758BBA07): 1
LogDevObjectVersion:   Dev-VirtualProduction (64F58936-FD1B-42BA-BA96-7289D5D0FA4E): 1
LogDevObjectVersion:   Dev-MediaFramework (6F0ED827-A609-4895-9C91-998D90180EA4): 2
LogInit: Presizing for max 25165824 objects, including 0 objects not considered by GC, pre-allocating 0 bytes for permanent pool.
LogConfig: Applying CVar settings from Section [/Script/Engine.StreamingSettings] File [C:/Users/Playeroth/Documents/EscapeTheBackrooms--Mods/MainMod/Saved/Config/Windows/Engine.ini]
LogConfig: Setting CVar [[s.MinBulkDataSizeForAsyncLoading:131072]]
LogConfig: Setting CVar [[s.AsyncLoadingThreadEnabled:0]]
LogConfig: Setting CVar [[s.EventDrivenLoaderEnabled:1]]
LogConfig: Setting CVar [[s.WarnIfTimeLimitExceeded:0]]
LogConfig: Setting CVar [[s.TimeLimitExceededMultiplier:1.5]]
LogConfig: Setting CVar [[s.TimeLimitExceededMinTime:0.005]]
LogConfig: Setting CVar [[s.UseBackgroundLevelStreaming:1]]
LogConfig: Setting CVar [[s.PriorityAsyncLoadingExtraTime:15.0]]
LogConfig: Setting CVar [[s.LevelStreamingActorsUpdateTimeLimit:5.0]]
LogConfig: Setting CVar [[s.PriorityLevelStreamingActorsUpdateExtraTime:5.0]]
LogConfig: Setting CVar [[s.LevelStreamingComponentsRegistrationGranularity:10]]
LogConfig: Setting CVar [[s.UnregisterComponentsTimeLimit:1.0]]
LogConfig: Setting CVar [[s.LevelStreamingComponentsUnregistrationGranularity:5]]
LogConfig: Setting CVar [[s.FlushStreamingOnExit:1]]
LogInit: Object subsystem initialized
LogConfig: Setting CVar [[con.DebugEarlyDefault:1]]
LogConfig: Setting CVar [[r.setres:1280x720]]
[2024.06.30-21.28.16:619][  0]LogConfig: Setting CVar [[con.DebugEarlyDefault:1]]
[2024.06.30-21.28.16:619][  0]LogConfig: Setting CVar [[r.setres:1280x720]]
[2024.06.30-21.28.16:619][  0]LogConfig: Applying CVar settings from Section [/Script/Engine.RendererSettings] File [C:/Users/Playeroth/Documents/EscapeTheBackrooms--Mods/MainMod/Saved/Config/Windows/Engine.ini]
[2024.06.30-21.28.16:619][  0]LogConfig: Setting CVar [[r.GPUCrashDebugging:0]]
[2024.06.30-21.28.16:619][  0]LogConfig: Setting CVar [[r.DefaultFeature.AutoExposure.ExtendDefaultLuminanceRange:1]]
[2024.06.30-21.28.16:619][  0]LogConfig: Applying CVar settings from Section [/Script/Engine.RendererOverrideSettings] File [C:/Users/Playeroth/Documents/EscapeTheBackrooms--Mods/MainMod/Saved/Config/Windows/Engine.ini]
[2024.06.30-21.28.16:619][  0]LogConfig: Applying CVar settings from Section [/Script/Engine.StreamingSettings] File [C:/Users/Playeroth/Documents/EscapeTheBackrooms--Mods/MainMod/Saved/Config/Windows/Engine.ini]
[2024.06.30-21.28.16:619][  0]LogConfig: Setting CVar [[s.MinBulkDataSizeForAsyncLoading:131072]]
[2024.06.30-21.28.16:619][  0]LogConfig: Setting CVar [[s.AsyncLoadingThreadEnabled:0]]
[2024.06.30-21.28.16:619][  0]LogConfig: Setting CVar [[s.EventDrivenLoaderEnabled:1]]
[2024.06.30-21.28.16:619][  0]LogConfig: Setting CVar [[s.WarnIfTimeLimitExceeded:0]]
[2024.06.30-21.28.16:619][  0]LogConfig: Setting CVar [[s.TimeLimitExceededMultiplier:1.5]]
[2024.06.30-21.28.16:619][  0]LogConfig: Setting CVar [[s.TimeLimitExceededMinTime:0.005]]
[2024.06.30-21.28.16:620][  0]LogConfig: Setting CVar [[s.UseBackgroundLevelStreaming:1]]
[2024.06.30-21.28.16:620][  0]LogConfig: Setting CVar [[s.PriorityAsyncLoadingExtraTime:15.0]]
[2024.06.30-21.28.16:620][  0]LogConfig: Setting CVar [[s.LevelStreamingActorsUpdateTimeLimit:5.0]]
[2024.06.30-21.28.16:620][  0]LogConfig: Setting CVar [[s.PriorityLevelStreamingActorsUpdateExtraTime:5.0]]
[2024.06.30-21.28.16:620][  0]LogConfig: Setting CVar [[s.LevelStreamingComponentsRegistrationGranularity:10]]
[2024.06.30-21.28.16:620][  0]LogConfig: Setting CVar [[s.UnregisterComponentsTimeLimit:1.0]]
[2024.06.30-21.28.16:620][  0]LogConfig: Setting CVar [[s.LevelStreamingComponentsUnregistrationGranularity:5]]
[2024.06.30-21.28.16:620][  0]LogConfig: Setting CVar [[s.FlushStreamingOnExit:1]]
[2024.06.30-21.28.16:620][  0]LogConfig: Applying CVar settings from Section [/Script/Engine.GarbageCollectionSettings] File [C:/Users/Playeroth/Documents/EscapeTheBackrooms--Mods/MainMod/Saved/Config/Windows/Engine.ini]
[2024.06.30-21.28.16:620][  0]LogConfig: Setting CVar [[gc.MaxObjectsNotConsideredByGC:1]]
[2024.06.30-21.28.16:620][  0]LogConfig: Setting CVar [[gc.SizeOfPermanentObjectPool:0]]
[2024.06.30-21.28.16:620][  0]LogConfig: Setting CVar [[gc.FlushStreamingOnGC:0]]
[2024.06.30-21.28.16:620][  0]LogConfig: Setting CVar [[gc.NumRetriesBeforeForcingGC:10]]
[2024.06.30-21.28.16:620][  0]LogConfig: Setting CVar [[gc.AllowParallelGC:1]]
[2024.06.30-21.28.16:620][  0]LogConfig: Setting CVar [[gc.TimeBetweenPurgingPendingKillObjects:61.1]]
[2024.06.30-21.28.16:620][  0]LogConfig: Setting CVar [[gc.MaxObjectsInEditor:25165824]]
[2024.06.30-21.28.16:620][  0]LogConfig: Setting CVar [[gc.IncrementalBeginDestroyEnabled:1]]
[2024.06.30-21.28.16:620][  0]LogConfig: Setting CVar [[gc.CreateGCClusters:1]]
[2024.06.30-21.28.16:620][  0]LogConfig: Setting CVar [[gc.MinGCClusterSize:5]]
[2024.06.30-21.28.16:620][  0]LogConfig: Setting CVar [[gc.ActorClusteringEnabled:0]]
[2024.06.30-21.28.16:620][  0]LogConfig: Setting CVar [[gc.BlueprintClusteringEnabled:0]]
[2024.06.30-21.28.16:620][  0]LogConfig: Setting CVar [[gc.UseDisregardForGCOnDedicatedServers:0]]
[2024.06.30-21.28.16:620][  0]LogConfig: Setting CVar [[gc.MultithreadedDestructionEnabled:1]]
[2024.06.30-21.28.16:620][  0]LogConfig: Applying CVar settings from Section [/Script/Engine.NetworkSettings] File [C:/Users/Playeroth/Documents/EscapeTheBackrooms--Mods/MainMod/Saved/Config/Windows/Engine.ini]
[2024.06.30-21.28.16:620][  0]LogConfig: Applying CVar settings from Section [/Script/UnrealEd.CookerSettings] File [C:/Users/Playeroth/Documents/EscapeTheBackrooms--Mods/MainMod/Saved/Config/Windows/Engine.ini]
[2024.06.30-21.28.16:749][  0]LogConfig: Applying CVar settings from Section [ViewDistanceQuality@3] File [C:/Users/Playeroth/Documents/EscapeTheBackrooms--Mods/MainMod/Saved/Config/Windows/Scalability.ini]
[2024.06.30-21.28.16:749][  0]LogConfig: Setting CVar [[r.SkeletalMeshLODBias:0]]
[2024.06.30-21.28.16:749][  0]LogConfig: Setting CVar [[r.ViewDistanceScale:1.0]]
[2024.06.30-21.28.16:749][  0]LogConfig: Applying CVar settings from Section [AntiAliasingQuality@3] File [C:/Users/Playeroth/Documents/EscapeTheBackrooms--Mods/MainMod/Saved/Config/Windows/Scalability.ini]
[2024.06.30-21.28.16:749][  0]LogConfig: Setting CVar [[r.PostProcessAAQuality:4]]
[2024.06.30-21.28.16:749][  0]LogConfig: Applying CVar settings from Section [ShadowQuality@3] File [C:/Users/Playeroth/Documents/EscapeTheBackrooms--Mods/MainMod/Saved/Config/Windows/Scalability.ini]
[2024.06.30-21.28.16:749][  0]LogConfig: Setting CVar [[r.LightFunctionQuality:1]]
[2024.06.30-21.28.16:749][  0]LogConfig: Setting CVar [[r.ShadowQuality:5]]
[2024.06.30-21.28.16:749][  0]LogConfig: Setting CVar [[r.Shadow.CSM.MaxCascades:10]]
[2024.06.30-21.28.16:749][  0]LogConfig: Setting CVar [[r.Shadow.MaxResolution:2048]]
[2024.06.30-21.28.16:749][  0]LogConfig: Setting CVar [[r.Shadow.MaxCSMResolution:2048]]
[2024.06.30-21.28.16:749][  0]LogConfig: Setting CVar [[r.Shadow.RadiusThreshold:0.01]]
[2024.06.30-21.28.16:749][  0]LogConfig: Setting CVar [[r.Shadow.DistanceScale:1.0]]
[2024.06.30-21.28.16:749][  0]LogConfig: Setting CVar [[r.Shadow.CSM.TransitionScale:1.0]]
[2024.06.30-21.28.16:749][  0]LogConfig: Setting CVar [[r.Shadow.PreShadowResolutionFactor:1.0]]
[2024.06.30-21.28.16:749][  0]LogConfig: Setting CVar [[r.DistanceFieldShadowing:1]]
[2024.06.30-21.28.16:749][  0]LogConfig: Setting CVar [[r.DistanceFieldAO:1]]
[2024.06.30-21.28.16:749][  0]LogConfig: Setting CVar [[r.AOQuality:2]]
[2024.06.30-21.28.16:749][  0]LogConfig: Setting CVar [[r.VolumetricFog:1]]
[2024.06.30-21.28.16:749][  0]LogConfig: Setting CVar [[r.VolumetricFog.GridPixelSize:8]]
[2024.06.30-21.28.16:749][  0]LogConfig: Setting CVar [[r.VolumetricFog.GridSizeZ:128]]
[2024.06.30-21.28.16:749][  0]LogConfig: Setting CVar [[r.VolumetricFog.HistoryMissSupersampleCount:4]]
[2024.06.30-21.28.16:749][  0]LogConfig: Setting CVar [[r.LightMaxDrawDistanceScale:1]]
[2024.06.30-21.28.16:749][  0]LogConfig: Setting CVar [[r.CapsuleShadows:1]]
[2024.06.30-21.28.16:749][  0]LogConfig: Applying CVar settings from Section [PostProcessQuality@3] File [C:/Users/Playeroth/Documents/EscapeTheBackrooms--Mods/MainMod/Saved/Config/Windows/Scalability.ini]
[2024.06.30-21.28.16:749][  0]LogConfig: Setting CVar [[r.MotionBlurQuality:4]]
[2024.06.30-21.28.16:749][  0]LogConfig: Setting CVar [[r.AmbientOcclusionMipLevelFactor:0.4]]
[2024.06.30-21.28.16:749][  0]LogConfig: Setting CVar [[r.AmbientOcclusionMaxQuality:100]]
[2024.06.30-21.28.16:749][  0]LogConfig: Setting CVar [[r.AmbientOcclusionLevels:-1]]
[2024.06.30-21.28.16:749][  0]LogConfig: Setting CVar [[r.AmbientOcclusionRadiusScale:1.0]]
[2024.06.30-21.28.16:749][  0]LogConfig: Setting CVar [[r.DepthOfFieldQuality:2]]
[2024.06.30-21.28.16:749][  0]LogConfig: Setting CVar [[r.RenderTargetPoolMin:400]]
[2024.06.30-21.28.16:749][  0]LogConfig: Setting CVar [[r.LensFlareQuality:2]]
[2024.06.30-21.28.16:749][  0]LogConfig: Setting CVar [[r.SceneColorFringeQuality:1]]
[2024.06.30-21.28.16:749][  0]LogConfig: Setting CVar [[r.EyeAdaptationQuality:2]]
[2024.06.30-21.28.16:749][  0]LogConfig: Setting CVar [[r.BloomQuality:5]]
[2024.06.30-21.28.16:749][  0]LogConfig: Setting CVar [[r.FastBlurThreshold:100]]
[2024.06.30-21.28.16:749][  0]LogConfig: Setting CVar [[r.Upscale.Quality:3]]
[2024.06.30-21.28.16:749][  0]LogConfig: Setting CVar [[r.Tonemapper.GrainQuantization:1]]
[2024.06.30-21.28.16:750][  0]LogConfig: Setting CVar [[r.LightShaftQuality:1]]
[2024.06.30-21.28.16:750][  0]LogConfig: Setting CVar [[r.Filter.SizeScale:1]]
[2024.06.30-21.28.16:750][  0]LogConfig: Setting CVar [[r.Tonemapper.Quality:5]]
[2024.06.30-21.28.16:750][  0]LogConfig: Setting CVar [[r.DOF.Gather.AccumulatorQuality:1        ; higher gathering accumulator quality]]
[2024.06.30-21.28.16:750][  0]LogConfig: Setting CVar [[r.DOF.Gather.PostfilterMethod:1          ; Median3x3 postfilering method]]
[2024.06.30-21.28.16:750][  0]LogConfig: Setting CVar [[r.DOF.Gather.EnableBokehSettings:0       ; no bokeh simulation when gathering]]
[2024.06.30-21.28.16:750][  0]LogConfig: Setting CVar [[r.DOF.Gather.RingCount:4                 ; medium number of samples when gathering]]
[2024.06.30-21.28.16:750][  0]LogConfig: Setting CVar [[r.DOF.Scatter.ForegroundCompositing:1    ; additive foreground scattering]]
[2024.06.30-21.28.16:750][  0]LogConfig: Setting CVar [[r.DOF.Scatter.BackgroundCompositing:2    ; additive background scattering]]
[2024.06.30-21.28.16:750][  0]LogConfig: Setting CVar [[r.DOF.Scatter.EnableBokehSettings:1      ; bokeh simulation when scattering]]
[2024.06.30-21.28.16:750][  0]LogConfig: Setting CVar [[r.DOF.Scatter.MaxSpriteRatio:0.1         ; only a maximum of 10% of scattered bokeh]]
[2024.06.30-21.28.16:750][  0]LogConfig: Setting CVar [[r.DOF.Recombine.Quality:1                ; cheap slight out of focus]]
[2024.06.30-21.28.16:750][  0]LogConfig: Setting CVar [[r.DOF.Recombine.EnableBokehSettings:0    ; no bokeh simulation on slight out of focus]]
[2024.06.30-21.28.16:750][  0]LogConfig: Setting CVar [[r.DOF.TemporalAAQuality:1                ; more stable temporal accumulation]]
[2024.06.30-21.28.16:750][  0]LogConfig: Setting CVar [[r.DOF.Kernel.MaxForegroundRadius:0.025]]
[2024.06.30-21.28.16:750][  0]LogConfig: Setting CVar [[r.DOF.Kernel.MaxBackgroundRadius:0.025]]
[2024.06.30-21.28.16:750][  0]LogConfig: Applying CVar settings from Section [TextureQuality@3] File [C:/Users/Playeroth/Documents/EscapeTheBackrooms--Mods/MainMod/Saved/Config/Windows/Scalability.ini]
[2024.06.30-21.28.16:750][  0]LogConfig: Setting CVar [[r.Streaming.MipBias:0]]
[2024.06.30-21.28.16:750][  0]LogConfig: Setting CVar [[r.Streaming.AmortizeCPUToGPUCopy:0]]
[2024.06.30-21.28.16:750][  0]LogConfig: Setting CVar [[r.Streaming.MaxNumTexturesToStreamPerFrame:0]]
[2024.06.30-21.28.16:750][  0]LogConfig: Setting CVar [[r.Streaming.Boost:1]]
[2024.06.30-21.28.16:750][  0]LogConfig: Setting CVar [[r.MaxAnisotropy:8]]
[2024.06.30-21.28.16:750][  0]LogConfig: Setting CVar [[r.VT.MaxAnisotropy:8]]
[2024.06.30-21.28.16:750][  0]LogConfig: Setting CVar [[r.Streaming.LimitPoolSizeToVRAM:0]]
[2024.06.30-21.28.16:750][  0]LogConfig: Setting CVar [[r.Streaming.PoolSize:1000]]
[2024.06.30-21.28.16:750][  0]LogConfig: Setting CVar [[r.Streaming.MaxEffectiveScreenSize:0]]
[2024.06.30-21.28.16:750][  0]LogConfig: Applying CVar settings from Section [EffectsQuality@3] File [C:/Users/Playeroth/Documents/EscapeTheBackrooms--Mods/MainMod/Saved/Config/Windows/Scalability.ini]
[2024.06.30-21.28.16:750][  0]LogConfig: Setting CVar [[r.TranslucencyLightingVolumeDim:64]]
[2024.06.30-21.28.16:750][  0]LogConfig: Setting CVar [[r.RefractionQuality:2]]
[2024.06.30-21.28.16:750][  0]LogConfig: Setting CVar [[r.SSR.Quality:3]]
[2024.06.30-21.28.16:750][  0]LogConfig: Setting CVar [[r.SSR.HalfResSceneColor:0]]
[2024.06.30-21.28.16:750][  0]LogConfig: Setting CVar [[r.SceneColorFormat:4]]
[2024.06.30-21.28.16:750][  0]LogConfig: Setting CVar [[r.DetailMode:2]]
[2024.06.30-21.28.16:750][  0]LogConfig: Setting CVar [[r.TranslucencyVolumeBlur:1]]
[2024.06.30-21.28.16:750][  0]LogConfig: Setting CVar [[r.MaterialQualityLevel:1 ; High quality]]
[2024.06.30-21.28.16:750][  0]LogConfig: Setting CVar [[r.AnisotropicMaterials:1]]
[2024.06.30-21.28.16:750][  0]LogConfig: Setting CVar [[r.SSS.Scale:1]]
[2024.06.30-21.28.16:750][  0]LogConfig: Setting CVar [[r.SSS.SampleSet:2]]
[2024.06.30-21.28.16:750][  0]LogConfig: Setting CVar [[r.SSS.Quality:1]]
[2024.06.30-21.28.16:750][  0]LogConfig: Setting CVar [[r.SSS.HalfRes:0]]
[2024.06.30-21.28.16:750][  0]LogConfig: Setting CVar [[r.SSGI.Quality:3]]
[2024.06.30-21.28.16:751][  0]LogConfig: Setting CVar [[r.EmitterSpawnRateScale:1.0]]
[2024.06.30-21.28.16:751][  0]LogConfig: Setting CVar [[r.ParticleLightQuality:2]]
[2024.06.30-21.28.16:751][  0]LogConfig: Setting CVar [[r.SkyAtmosphere.AerialPerspectiveLUT.FastApplyOnOpaque:1 ; Always have FastSkyLUT 1 in this case to avoid wrong sky]]
[2024.06.30-21.28.16:751][  0]LogConfig: Setting CVar [[r.SkyAtmosphere.AerialPerspectiveLUT.SampleCountMaxPerSlice:4]]
[2024.06.30-21.28.16:751][  0]LogConfig: Setting CVar [[r.SkyAtmosphere.AerialPerspectiveLUT.DepthResolution:16.0]]
[2024.06.30-21.28.16:751][  0]LogConfig: Setting CVar [[r.SkyAtmosphere.FastSkyLUT:1]]
[2024.06.30-21.28.16:751][  0]LogConfig: Setting CVar [[r.SkyAtmosphere.FastSkyLUT.SampleCountMin:4.0]]
[2024.06.30-21.28.16:751][  0]LogConfig: Setting CVar [[r.SkyAtmosphere.FastSkyLUT.SampleCountMax:128.0]]
[2024.06.30-21.28.16:751][  0]LogConfig: Setting CVar [[r.SkyAtmosphere.SampleCountMin:4.0]]
[2024.06.30-21.28.16:751][  0]LogConfig: Setting CVar [[r.SkyAtmosphere.SampleCountMax:128.0]]
[2024.06.30-21.28.16:751][  0]LogConfig: Setting CVar [[r.SkyAtmosphere.TransmittanceLUT.UseSmallFormat:0]]
[2024.06.30-21.28.16:751][  0]LogConfig: Setting CVar [[r.SkyAtmosphere.TransmittanceLUT.SampleCount:10.0]]
[2024.06.30-21.28.16:751][  0]LogConfig: Setting CVar [[r.SkyAtmosphere.MultiScatteringLUT.SampleCount:15.0]]
[2024.06.30-21.28.16:751][  0]LogConfig: Setting CVar [[r.SkyLight.RealTimeReflectionCapture:1]]
[2024.06.30-21.28.16:751][  0]LogConfig: Applying CVar settings from Section [FoliageQuality@3] File [C:/Users/Playeroth/Documents/EscapeTheBackrooms--Mods/MainMod/Saved/Config/Windows/Scalability.ini]
[2024.06.30-21.28.16:751][  0]LogConfig: Setting CVar [[foliage.DensityScale:1.0]]
[2024.06.30-21.28.16:751][  0]LogConfig: Setting CVar [[grass.DensityScale:1.0]]
[2024.06.30-21.28.16:751][  0]LogConfig: Applying CVar settings from Section [ShadingQuality@3] File [C:/Users/Playeroth/Documents/EscapeTheBackrooms--Mods/MainMod/Saved/Config/Windows/Scalability.ini]
[2024.06.30-21.28.16:751][  0]LogConfig: Setting CVar [[r.HairStrands.SkyLighting.IntegrationType:2]]
[2024.06.30-21.28.16:751][  0]LogConfig: Setting CVar [[r.HairStrands.SkyAO.SampleCount:4]]
[2024.06.30-21.28.16:751][  0]LogConfig: Setting CVar [[r.HairStrands.Visibility.MSAA.SamplePerPixel:4]]
[2024.06.30-21.28.16:751][  0]LogInit: Selected Device Profile: [Windows]
[2024.06.30-21.28.16:751][  0]LogInit: Applying CVar settings loaded from the selected device profile: [Windows]
[2024.06.30-21.28.16:751][  0]LogHAL: Display: Platform has ~ 16 GB [17045581824 / 17179869184 / 16], which maps to Larger [LargestMinGB=32, LargerMinGB=12, DefaultMinGB=8, SmallerMinGB=6, SmallestMinGB=0)
[2024.06.30-21.28.16:751][  0]LogInit: Going up to parent DeviceProfile []
[2024.06.30-21.28.16:751][  0]LogConfig: Applying CVar settings from Section [ViewDistanceQuality@3] File [C:/Users/Playeroth/Documents/EscapeTheBackrooms--Mods/MainMod/Saved/Config/Windows/Scalability.ini]
[2024.06.30-21.28.16:751][  0]LogConfig: Setting CVar [[r.SkeletalMeshLODBias:0]]
[2024.06.30-21.28.16:751][  0]LogConfig: Setting CVar [[r.ViewDistanceScale:1.0]]
[2024.06.30-21.28.16:751][  0]LogConfig: Applying CVar settings from Section [AntiAliasingQuality@3] File [C:/Users/Playeroth/Documents/EscapeTheBackrooms--Mods/MainMod/Saved/Config/Windows/Scalability.ini]
[2024.06.30-21.28.16:751][  0]LogConfig: Setting CVar [[r.PostProcessAAQuality:4]]
[2024.06.30-21.28.16:751][  0]LogConfig: Applying CVar settings from Section [ShadowQuality@3] File [C:/Users/Playeroth/Documents/EscapeTheBackrooms--Mods/MainMod/Saved/Config/Windows/Scalability.ini]
[2024.06.30-21.28.16:751][  0]LogConfig: Setting CVar [[r.LightFunctionQuality:1]]
[2024.06.30-21.28.16:751][  0]LogConfig: Setting CVar [[r.ShadowQuality:5]]
[2024.06.30-21.28.16:751][  0]LogConfig: Setting CVar [[r.Shadow.CSM.MaxCascades:10]]
[2024.06.30-21.28.16:751][  0]LogConfig: Setting CVar [[r.Shadow.MaxResolution:2048]]
[2024.06.30-21.28.16:751][  0]LogConfig: Setting CVar [[r.Shadow.MaxCSMResolution:2048]]
[2024.06.30-21.28.16:752][  0]LogConfig: Setting CVar [[r.Shadow.RadiusThreshold:0.01]]
[2024.06.30-21.28.16:752][  0]LogConfig: Setting CVar [[r.Shadow.DistanceScale:1.0]]
[2024.06.30-21.28.16:752][  0]LogConfig: Setting CVar [[r.Shadow.CSM.TransitionScale:1.0]]
[2024.06.30-21.28.16:752][  0]LogConfig: Setting CVar [[r.Shadow.PreShadowResolutionFactor:1.0]]
[2024.06.30-21.28.16:752][  0]LogConfig: Setting CVar [[r.DistanceFieldShadowing:1]]
[2024.06.30-21.28.16:752][  0]LogConfig: Setting CVar [[r.DistanceFieldAO:1]]
[2024.06.30-21.28.16:752][  0]LogConfig: Setting CVar [[r.AOQuality:2]]
[2024.06.30-21.28.16:752][  0]LogConfig: Setting CVar [[r.VolumetricFog:1]]
[2024.06.30-21.28.16:752][  0]LogConfig: Setting CVar [[r.VolumetricFog.GridPixelSize:8]]
[2024.06.30-21.28.16:752][  0]LogConfig: Setting CVar [[r.VolumetricFog.GridSizeZ:128]]
[2024.06.30-21.28.16:752][  0]LogConfig: Setting CVar [[r.VolumetricFog.HistoryMissSupersampleCount:4]]
[2024.06.30-21.28.16:752][  0]LogConfig: Setting CVar [[r.LightMaxDrawDistanceScale:1]]
[2024.06.30-21.28.16:752][  0]LogConfig: Setting CVar [[r.CapsuleShadows:1]]
[2024.06.30-21.28.16:752][  0]LogConfig: Applying CVar settings from Section [PostProcessQuality@3] File [C:/Users/Playeroth/Documents/EscapeTheBackrooms--Mods/MainMod/Saved/Config/Windows/Scalability.ini]
[2024.06.30-21.28.16:752][  0]LogConfig: Setting CVar [[r.MotionBlurQuality:4]]
[2024.06.30-21.28.16:752][  0]LogConfig: Setting CVar [[r.AmbientOcclusionMipLevelFactor:0.4]]
[2024.06.30-21.28.16:752][  0]LogConfig: Setting CVar [[r.AmbientOcclusionMaxQuality:100]]
[2024.06.30-21.28.16:752][  0]LogConfig: Setting CVar [[r.AmbientOcclusionLevels:-1]]
[2024.06.30-21.28.16:752][  0]LogConfig: Setting CVar [[r.AmbientOcclusionRadiusScale:1.0]]
[2024.06.30-21.28.16:752][  0]LogConfig: Setting CVar [[r.DepthOfFieldQuality:2]]
[2024.06.30-21.28.16:752][  0]LogConfig: Setting CVar [[r.RenderTargetPoolMin:400]]
[2024.06.30-21.28.16:752][  0]LogConfig: Setting CVar [[r.LensFlareQuality:2]]
[2024.06.30-21.28.16:752][  0]LogConfig: Setting CVar [[r.SceneColorFringeQuality:1]]
[2024.06.30-21.28.16:752][  0]LogConfig: Setting CVar [[r.EyeAdaptationQuality:2]]
[2024.06.30-21.28.16:752][  0]LogConfig: Setting CVar [[r.BloomQuality:5]]
[2024.06.30-21.28.16:752][  0]LogConfig: Setting CVar [[r.FastBlurThreshold:100]]
[2024.06.30-21.28.16:752][  0]LogConfig: Setting CVar [[r.Upscale.Quality:3]]
[2024.06.30-21.28.16:752][  0]LogConfig: Setting CVar [[r.Tonemapper.GrainQuantization:1]]
[2024.06.30-21.28.16:752][  0]LogConfig: Setting CVar [[r.LightShaftQuality:1]]
[2024.06.30-21.28.16:752][  0]LogConfig: Setting CVar [[r.Filter.SizeScale:1]]
[2024.06.30-21.28.16:752][  0]LogConfig: Setting CVar [[r.Tonemapper.Quality:5]]
[2024.06.30-21.28.16:752][  0]LogConfig: Setting CVar [[r.DOF.Gather.AccumulatorQuality:1        ; higher gathering accumulator quality]]
[2024.06.30-21.28.16:752][  0]LogConfig: Setting CVar [[r.DOF.Gather.PostfilterMethod:1          ; Median3x3 postfilering method]]
[2024.06.30-21.28.16:752][  0]LogConfig: Setting CVar [[r.DOF.Gather.EnableBokehSettings:0       ; no bokeh simulation when gathering]]
[2024.06.30-21.28.16:752][  0]LogConfig: Setting CVar [[r.DOF.Gather.RingCount:4                 ; medium number of samples when gathering]]
[2024.06.30-21.28.16:752][  0]LogConfig: Setting CVar [[r.DOF.Scatter.ForegroundCompositing:1    ; additive foreground scattering]]
[2024.06.30-21.28.16:752][  0]LogConfig: Setting CVar [[r.DOF.Scatter.BackgroundCompositing:2    ; additive background scattering]]
[2024.06.30-21.28.16:752][  0]LogConfig: Setting CVar [[r.DOF.Scatter.EnableBokehSettings:1      ; bokeh simulation when scattering]]
[2024.06.30-21.28.16:752][  0]LogConfig: Setting CVar [[r.DOF.Scatter.MaxSpriteRatio:0.1         ; only a maximum of 10% of scattered bokeh]]
[2024.06.30-21.28.16:752][  0]LogConfig: Setting CVar [[r.DOF.Recombine.Quality:1                ; cheap slight out of focus]]
[2024.06.30-21.28.16:752][  0]LogConfig: Setting CVar [[r.DOF.Recombine.EnableBokehSettings:0    ; no bokeh simulation on slight out of focus]]
[2024.06.30-21.28.16:752][  0]LogConfig: Setting CVar [[r.DOF.TemporalAAQuality:1                ; more stable temporal accumulation]]
[2024.06.30-21.28.16:752][  0]LogConfig: Setting CVar [[r.DOF.Kernel.MaxForegroundRadius:0.025]]
[2024.06.30-21.28.16:752][  0]LogConfig: Setting CVar [[r.DOF.Kernel.MaxBackgroundRadius:0.025]]
[2024.06.30-21.28.16:752][  0]LogConfig: Applying CVar settings from Section [TextureQuality@3] File [C:/Users/Playeroth/Documents/EscapeTheBackrooms--Mods/MainMod/Saved/Config/Windows/Scalability.ini]
[2024.06.30-21.28.16:752][  0]LogConfig: Setting CVar [[r.Streaming.MipBias:0]]
[2024.06.30-21.28.16:752][  0]LogConfig: Setting CVar [[r.Streaming.AmortizeCPUToGPUCopy:0]]
[2024.06.30-21.28.16:752][  0]LogConfig: Setting CVar [[r.Streaming.MaxNumTexturesToStreamPerFrame:0]]
[2024.06.30-21.28.16:752][  0]LogConfig: Setting CVar [[r.Streaming.Boost:1]]
[2024.06.30-21.28.16:752][  0]LogConfig: Setting CVar [[r.MaxAnisotropy:8]]
[2024.06.30-21.28.16:753][  0]LogConfig: Setting CVar [[r.VT.MaxAnisotropy:8]]
[2024.06.30-21.28.16:753][  0]LogConfig: Setting CVar [[r.Streaming.LimitPoolSizeToVRAM:0]]
[2024.06.30-21.28.16:753][  0]LogConfig: Setting CVar [[r.Streaming.PoolSize:1000]]
[2024.06.30-21.28.16:753][  0]LogConfig: Setting CVar [[r.Streaming.MaxEffectiveScreenSize:0]]
[2024.06.30-21.28.16:753][  0]LogConfig: Applying CVar settings from Section [EffectsQuality@3] File [C:/Users/Playeroth/Documents/EscapeTheBackrooms--Mods/MainMod/Saved/Config/Windows/Scalability.ini]
[2024.06.30-21.28.16:753][  0]LogConfig: Setting CVar [[r.TranslucencyLightingVolumeDim:64]]
[2024.06.30-21.28.16:753][  0]LogConfig: Setting CVar [[r.RefractionQuality:2]]
[2024.06.30-21.28.16:753][  0]LogConfig: Setting CVar [[r.SSR.Quality:3]]
[2024.06.30-21.28.16:753][  0]LogConfig: Setting CVar [[r.SSR.HalfResSceneColor:0]]
[2024.06.30-21.28.16:753][  0]LogConfig: Setting CVar [[r.SceneColorFormat:4]]
[2024.06.30-21.28.16:753][  0]LogConfig: Setting CVar [[r.DetailMode:2]]
[2024.06.30-21.28.16:753][  0]LogConfig: Setting CVar [[r.TranslucencyVolumeBlur:1]]
[2024.06.30-21.28.16:753][  0]LogConfig: Setting CVar [[r.MaterialQualityLevel:1 ; High quality]]
[2024.06.30-21.28.16:753][  0]LogConfig: Setting CVar [[r.AnisotropicMaterials:1]]
[2024.06.30-21.28.16:753][  0]LogConfig: Setting CVar [[r.SSS.Scale:1]]
[2024.06.30-21.28.16:753][  0]LogConfig: Setting CVar [[r.SSS.SampleSet:2]]
[2024.06.30-21.28.16:753][  0]LogConfig: Setting CVar [[r.SSS.Quality:1]]
[2024.06.30-21.28.16:753][  0]LogConfig: Setting CVar [[r.SSS.HalfRes:0]]
[2024.06.30-21.28.16:753][  0]LogConfig: Setting CVar [[r.SSGI.Quality:3]]
[2024.06.30-21.28.16:753][  0]LogConfig: Setting CVar [[r.EmitterSpawnRateScale:1.0]]
[2024.06.30-21.28.16:753][  0]LogConfig: Setting CVar [[r.ParticleLightQuality:2]]
[2024.06.30-21.28.16:753][  0]LogConfig: Setting CVar [[r.SkyAtmosphere.AerialPerspectiveLUT.FastApplyOnOpaque:1 ; Always have FastSkyLUT 1 in this case to avoid wrong sky]]
[2024.06.30-21.28.16:753][  0]LogConfig: Setting CVar [[r.SkyAtmosphere.AerialPerspectiveLUT.SampleCountMaxPerSlice:4]]
[2024.06.30-21.28.16:753][  0]LogConfig: Setting CVar [[r.SkyAtmosphere.AerialPerspectiveLUT.DepthResolution:16.0]]
[2024.06.30-21.28.16:753][  0]LogConfig: Setting CVar [[r.SkyAtmosphere.FastSkyLUT:1]]
[2024.06.30-21.28.16:753][  0]LogConfig: Setting CVar [[r.SkyAtmosphere.FastSkyLUT.SampleCountMin:4.0]]
[2024.06.30-21.28.16:753][  0]LogConfig: Setting CVar [[r.SkyAtmosphere.FastSkyLUT.SampleCountMax:128.0]]
[2024.06.30-21.28.16:753][  0]LogConfig: Setting CVar [[r.SkyAtmosphere.SampleCountMin:4.0]]
[2024.06.30-21.28.16:753][  0]LogConfig: Setting CVar [[r.SkyAtmosphere.SampleCountMax:128.0]]
[2024.06.30-21.28.16:753][  0]LogConfig: Setting CVar [[r.SkyAtmosphere.TransmittanceLUT.UseSmallFormat:0]]
[2024.06.30-21.28.16:753][  0]LogConfig: Setting CVar [[r.SkyAtmosphere.TransmittanceLUT.SampleCount:10.0]]
[2024.06.30-21.28.16:753][  0]LogConfig: Setting CVar [[r.SkyAtmosphere.MultiScatteringLUT.SampleCount:15.0]]
[2024.06.30-21.28.16:753][  0]LogConfig: Setting CVar [[r.SkyLight.RealTimeReflectionCapture:1]]
[2024.06.30-21.28.16:753][  0]LogConfig: Applying CVar settings from Section [FoliageQuality@3] File [C:/Users/Playeroth/Documents/EscapeTheBackrooms--Mods/MainMod/Saved/Config/Windows/Scalability.ini]
[2024.06.30-21.28.16:753][  0]LogConfig: Setting CVar [[foliage.DensityScale:1.0]]
[2024.06.30-21.28.16:753][  0]LogConfig: Setting CVar [[grass.DensityScale:1.0]]
[2024.06.30-21.28.16:753][  0]LogConfig: Applying CVar settings from Section [ShadingQuality@3] File [C:/Users/Playeroth/Documents/EscapeTheBackrooms--Mods/MainMod/Saved/Config/Windows/Scalability.ini]
[2024.06.30-21.28.16:753][  0]LogConfig: Setting CVar [[r.HairStrands.SkyLighting.IntegrationType:2]]
[2024.06.30-21.28.16:753][  0]LogConfig: Setting CVar [[r.HairStrands.SkyAO.SampleCount:4]]
[2024.06.30-21.28.16:753][  0]LogConfig: Setting CVar [[r.HairStrands.Visibility.MSAA.SamplePerPixel:4]]
[2024.06.30-21.28.16:753][  0]LogConfig: Applying CVar settings from Section [Startup] File [../../../Engine/Config/ConsoleVariables.ini]
[2024.06.30-21.28.16:753][  0]LogConfig: Setting CVar [[net.UseAdaptiveNetUpdateFrequency:0]]
[2024.06.30-21.28.16:754][  0]LogConfig: Setting CVar [[p.chaos.AllowCreatePhysxBodies:1]]
[2024.06.30-21.28.16:754][  0]LogConfig: Setting CVar [[fx.SkipVectorVMBackendOptimizations:1]]
[2024.06.30-21.28.16:754][  0]LogConfig: Applying CVar settings from Section [ConsoleVariables] File [C:/Users/Playeroth/Documents/EscapeTheBackrooms--Mods/MainMod/Saved/Config/Windows/Engine.ini]
[2024.06.30-21.28.16:754][  0]LogConfig: Applying CVar settings from Section [ConsoleVariables] File [C:/Users/Playeroth/Documents/EscapeTheBackrooms--Mods/MainMod/Saved/Config/Windows/Editor.ini]
[2024.06.30-21.28.16:754][  0]LogInit: Computer: DESKTOP-D2RTK69
[2024.06.30-21.28.16:754][  0]LogInit: User: Playeroth
[2024.06.30-21.28.16:754][  0]LogInit: CPU Page size=4096, Cores=6
[2024.06.30-21.28.16:754][  0]LogInit: High frequency timer resolution =10.000000 MHz
[2024.06.30-21.28.16:754][  0]LogMemory: Memory total: Physical=15.9GB (16GB approx)
[2024.06.30-21.28.16:754][  0]LogMemory: Platform Memory Stats for Windows
[2024.06.30-21.28.16:754][  0]LogMemory: Process Physical Memory: 142.30 MB used, 142.31 MB peak
[2024.06.30-21.28.16:754][  0]LogMemory: Process Virtual Memory: 121.67 MB used, 121.67 MB peak
[2024.06.30-21.28.16:754][  0]LogMemory: Physical Memory: 13293.95 MB used,  2961.99 MB free, 16255.93 MB total
[2024.06.30-21.28.16:754][  0]LogMemory: Virtual Memory: 134190680.00 MB used,  27047.28 MB free, 134217728.00 MB total
[2024.06.30-21.28.16:766][  0]LogWindows: WindowsPlatformFeatures enabled
[2024.06.30-21.28.16:803][  0]LogInit: Physics initialised using underlying interface: PhysX
[2024.06.30-21.28.16:803][  0]LogInit: Using OS detected language (pt-BR).
[2024.06.30-21.28.16:803][  0]LogInit: Using OS detected locale (pt-BR).
[2024.06.30-21.28.16:840][  0]LogTextLocalizationResource: LocRes '../../../Engine/Content/Localization/Editor/pt/Editor.locres' could not be opened for reading!
[2024.06.30-21.28.16:840][  0]LogTextLocalizationResource: LocRes '../../../Engine/Content/Localization/EditorTutorials/pt/EditorTutorials.locres' could not be opened for reading!
[2024.06.30-21.28.16:840][  0]LogTextLocalizationResource: LocRes '../../../Engine/Content/Localization/Keywords/pt/Keywords.locres' could not be opened for reading!
[2024.06.30-21.28.16:840][  0]LogTextLocalizationResource: LocRes '../../../Engine/Content/Localization/Category/pt/Category.locres' could not be opened for reading!
[2024.06.30-21.28.16:840][  0]LogTextLocalizationResource: LocRes '../../../Engine/Content/Localization/ToolTips/pt/ToolTips.locres' could not be opened for reading!
[2024.06.30-21.28.16:840][  0]LogTextLocalizationResource: LocRes '../../../Engine/Content/Localization/PropertyNames/pt/PropertyNames.locres' could not be opened for reading!
[2024.06.30-21.28.16:840][  0]LogTextLocalizationResource: LocRes '../../../Engine/Content/Localization/Engine/pt/Engine.locres' could not be opened for reading!
[2024.06.30-21.28.16:841][  0]LogTextLocalizationResource: LocRes '../../../Engine/Plugins/Online/OnlineSubsystem/Content/Localization/OnlineSubsystem/pt/OnlineSubsystem.locres' could not be opened for reading!
[2024.06.30-21.28.16:841][  0]LogTextLocalizationResource: LocRes '../../../Engine/Plugins/Online/OnlineSubsystemUtils/Content/Localization/OnlineSubsystemUtils/pt/OnlineSubsystemUtils.locres' could not be opened for reading!
[2024.06.30-21.28.16:841][  0]LogTextLocalizationResource: LocRes '../../../Engine/Plugins/Online/Android/OnlineSubsystemGooglePlay/Content/Localization/OnlineSubsystemGooglePlay/pt/OnlineSubsystemGooglePlay.locres' could not be opened for reading!
[2024.06.30-21.28.16:841][  0]LogTextLocalizationResource: LocRes '../../../Engine/Plugins/Online/IOS/OnlineSubsystemIOS/Content/Localization/OnlineSubsystemIOS/pt/OnlineSubsystemIOS.locres' could not be opened for reading!
[2024.06.30-21.28.16:868][  0]LogWindowsTextInputMethodSystem: Display: IME system deactivated.
[2024.06.30-21.28.16:985][  0]LogSlate: New Slate User Created.  User Index 0, Is Virtual User: 0
[2024.06.30-21.28.16:985][  0]LogSlate: Slate User Registered.  User Index 0, Is Virtual User: 0
[2024.06.30-21.28.17:123][  0]LogD3D11RHI: Loaded GFSDK_Aftermath_Lib.x64.dll
[2024.06.30-21.28.17:132][  0]LogHMD: Failed to initialize OpenVR with code 110
[2024.06.30-21.28.17:132][  0]LogD3D11RHI: D3D11 min allowed feature level: 11_0
[2024.06.30-21.28.17:132][  0]LogD3D11RHI: D3D11 max allowed feature level: 11_0
[2024.06.30-21.28.17:132][  0]LogD3D11RHI: D3D11 adapters:
[2024.06.30-21.28.17:213][  0]LogD3D11RHI:    0. 'AMD Radeon RX 580 2048SP' (Feature Level 11_0)
[2024.06.30-21.28.17:213][  0]LogD3D11RHI:       8135/0/8127 MB DedicatedVideo/DedicatedSystem/SharedSystem, Outputs:1, VendorId:0x1002
[2024.06.30-21.28.17:216][  0]LogD3D11RHI:    1. 'Microsoft Basic Render Driver' (Feature Level 11_0)
[2024.06.30-21.28.17:216][  0]LogD3D11RHI:       0/0/8127 MB DedicatedVideo/DedicatedSystem/SharedSystem, Outputs:0, VendorId:0x1414
[2024.06.30-21.28.17:216][  0]LogD3D11RHI: Chosen D3D11 Adapter:
[2024.06.30-21.28.17:216][  0]LogD3D11RHI:     Description : AMD Radeon RX 580 2048SP
[2024.06.30-21.28.17:216][  0]LogD3D11RHI:     VendorId    : 1002
[2024.06.30-21.28.17:216][  0]LogD3D11RHI:     DeviceId    : 6fdf
[2024.06.30-21.28.17:216][  0]LogD3D11RHI:     SubSysId    : b311002
[2024.06.30-21.28.17:216][  0]LogD3D11RHI:     Revision    : 00ef
[2024.06.30-21.28.17:216][  0]LogD3D11RHI:     DedicatedVideoMemory : 8531042304 bytes
[2024.06.30-21.28.17:216][  0]LogD3D11RHI:     DedicatedSystemMemory : 0 bytes
[2024.06.30-21.28.17:216][  0]LogD3D11RHI:     SharedSystemMemory : 8522790912 bytes
[2024.06.30-21.28.17:216][  0]LogD3D11RHI:     AdapterLuid : 0 60227
[2024.06.30-21.28.17:224][  0]LogD3D11RHI: Creating new Direct3DDevice
[2024.06.30-21.28.17:225][  0]LogD3D11RHI:     GPU DeviceId: 0x6fdf (for the marketing name, search the web for "GPU Device Id")
[2024.06.30-21.28.17:225][  0]LogWindows: EnumDisplayDevices:
[2024.06.30-21.28.17:225][  0]LogWindows:    0. 'AMD Radeon RX 580 2048SP' (P:1 D:1)
[2024.06.30-21.28.17:226][  0]LogWindows:    1. 'AMD Radeon RX 580 2048SP' (P:0 D:0)
[2024.06.30-21.28.17:229][  0]LogWindows:    2. 'AMD Radeon RX 580 2048SP' (P:0 D:0)
[2024.06.30-21.28.17:231][  0]LogWindows:    3. 'AMD Radeon RX 580 2048SP' (P:0 D:0)
[2024.06.30-21.28.17:232][  0]LogWindows:    4. 'AMD Radeon RX 580 2048SP' (P:0 D:0)
[2024.06.30-21.28.17:234][  0]LogWindows:    5. 'AMD Radeon RX 580 2048SP' (P:0 D:0)
[2024.06.30-21.28.17:235][  0]LogWindows:    6. 'AMD Radeon RX 580 2048SP' (P:0 D:0)
[2024.06.30-21.28.17:236][  0]LogWindows: DebugString: FoundDriverCount:7 
[2024.06.30-21.28.17:236][  0]LogD3D11RHI:     Adapter Name: AMD Radeon RX 580 2048SP
[2024.06.30-21.28.17:236][  0]LogD3D11RHI:   Driver Version: AMD Software: Adrenalin Edition 24.3.1 (internal:31.0.21912.14, unified:31.0.21912.14)
[2024.06.30-21.28.17:236][  0]LogD3D11RHI:      Driver Date: 2-20-2024
[2024.06.30-21.28.17:236][  0]LogRHI: Texture pool is 5157 MB (70% of 7367 MB)
[2024.06.30-21.28.17:297][  0]LogD3D11RHI: Creating D3DDevice with AMD AGS, using adapter:
[2024.06.30-21.28.17:297][  0]LogD3D11RHI:     Description : AMD Radeon RX 580 2048SP
[2024.06.30-21.28.17:297][  0]LogD3D11RHI:     VendorId    : 1002
[2024.06.30-21.28.17:297][  0]LogD3D11RHI:     DeviceId    : 6fdf
[2024.06.30-21.28.17:297][  0]LogD3D11RHI:     SubSysId    : b311002
[2024.06.30-21.28.17:297][  0]LogD3D11RHI:     Revision    : 00ef
[2024.06.30-21.28.17:297][  0]LogD3D11RHI:     DedicatedVideoMemory : 8531042304 bytes
[2024.06.30-21.28.17:297][  0]LogD3D11RHI:     DedicatedSystemMemory : 0 bytes
[2024.06.30-21.28.17:297][  0]LogD3D11RHI:     SharedSystemMemory : 8522790912 bytes
[2024.06.30-21.28.17:297][  0]LogD3D11RHI:     AdapterLuid : 0 60227
[2024.06.30-21.28.17:365][  0]LogD3D11RHI: Created device via AGS, feature level 11_0, supported extensions 1fffffbf.
[2024.06.30-21.28.17:365][  0]LogD3D11RHI: RHI has support for 64 bit atomics
[2024.06.30-21.28.17:365][  0]LogD3D11RHI: Async texture creation enabled
[2024.06.30-21.28.17:365][  0]LogD3D11RHI: Array index from any shader is supported
[2024.06.30-21.28.17:365][  0]LogD3D11RHI: HDR output is supported on display 0 (AMD Device: 0x0, Display: 0x0).
[2024.06.30-21.28.17:379][  0]LogD3D11RHI: GPU Timing Frequency: 25.000000 (Debug: 2 1)
[2024.06.30-21.28.18:009][  0]LogTargetPlatformManager: Display: Loaded TargetPlatform 'WindowsNoEditor'
[2024.06.30-21.28.18:017][  0]LogTargetPlatformManager: Display: Loaded TargetPlatform 'Windows'
[2024.06.30-21.28.18:024][  0]LogTargetPlatformManager: Display: Loaded TargetPlatform 'WindowsClient'
[2024.06.30-21.28.18:033][  0]LogTargetPlatformManager: Display: Loaded TargetPlatform 'WindowsServer'
[2024.06.30-21.28.18:033][  0]LogTargetPlatformManager: Display: Building Assets For Windows
[2024.06.30-21.28.18:048][  0]LogAudioDebug: Display: Lib vorbis DLL was dynamically loaded.
[2024.06.30-21.28.18:109][  0]LogTextureFormatOodle: Display: Oodle Texture 2.9.0 init RDO Off
[2024.06.30-21.28.18:167][  0]LogRendererCore: Ray tracing is disabled. Reason: r.RayTracing=0.
[2024.06.30-21.28.18:168][  0]LogShaderCompilers: Guid format shader working directory is -27 characters bigger than the processId version (../../../../../../Users/Playeroth/Documents/EscapeTheBackrooms--Mods/MainMod/Intermediate/Shaders/WorkingDirectory/16204/).
[2024.06.30-21.28.18:168][  0]LogShaderCompilers: Cleaned the shader compiler working directory 'C:/Users/Playeroth/AppData/Local/Temp/UnrealShaderWorkingDir/44D51AF04DDA1321AD3EBF946B47EB6E/'.
[2024.06.30-21.28.18:168][  0]LogXGEController: Cannot use XGE Controller as Incredibuild is not installed on this machine.
[2024.06.30-21.28.18:168][  0]LogShaderCompilers: Cannot use XGE Shader Compiler as Incredibuild is not installed on this machine.
[2024.06.30-21.28.18:168][  0]LogShaderCompilers: Display: Using Local Shader Compiler.
[2024.06.30-21.28.19:287][  0]LogDerivedDataCache: Display: Max Cache Size: 512 MB
[2024.06.30-21.28.19:385][  0]LogDerivedDataCache: Loaded boot cache 0.09s 94MB C:/Users/Playeroth/AppData/Local/UnrealEngine/4.27/DerivedDataCache/Boot.ddc.
[2024.06.30-21.28.19:385][  0]LogDerivedDataCache: Display: Loaded Boot cache: C:/Users/Playeroth/AppData/Local/UnrealEngine/4.27/DerivedDataCache/Boot.ddc
[2024.06.30-21.28.19:385][  0]LogDerivedDataCache: FDerivedDataBackendGraph:  Pak pak cache file ../../../../../../Users/Playeroth/Documents/EscapeTheBackrooms--Mods/MainMod/DerivedDataCache/DDC.ddp not found, will not use a pak cache.
[2024.06.30-21.28.19:385][  0]LogDerivedDataCache: Unable to find inner node Pak for hierarchical cache Hierarchy.
[2024.06.30-21.28.19:385][  0]LogDerivedDataCache: FDerivedDataBackendGraph:  CompressedPak pak cache file ../../../../../../Users/Playeroth/Documents/EscapeTheBackrooms--Mods/MainMod/DerivedDataCache/Compressed.ddp not found, will not use a pak cache.
[2024.06.30-21.28.19:385][  0]LogDerivedDataCache: Unable to find inner node CompressedPak for hierarchical cache Hierarchy.
[2024.06.30-21.28.19:411][  0]LogDerivedDataCache: Display: Pak cache opened for reading ../../../Engine/DerivedDataCache/Compressed.ddp.
[2024.06.30-21.28.19:411][  0]LogDerivedDataCache: FDerivedDataBackendGraph:  EnterprisePak pak cache file ../../../Enterprise/DerivedDataCache/Compressed.ddp not found, will not use a pak cache.
[2024.06.30-21.28.19:412][  0]LogDerivedDataCache: Unable to find inner node EnterprisePak for hierarchical cache Hierarchy.
[2024.06.30-21.28.19:425][  0]LogDerivedDataCache: Speed tests for C:/Users/Playeroth/AppData/Local/UnrealEngine/Common/DerivedDataCache took 0.01 seconds
[2024.06.30-21.28.19:425][  0]LogDerivedDataCache: Display: Performance to C:/Users/Playeroth/AppData/Local/UnrealEngine/Common/DerivedDataCache: Latency=0.04ms. RandomReadSpeed=880.14MBs, RandomWriteSpeed=87.16MBs. Assigned SpeedClass 'Local'
[2024.06.30-21.28.19:427][  0]LogDerivedDataCache: Using Local data cache path C:/Users/Playeroth/AppData/Local/UnrealEngine/Common/DerivedDataCache: Writable
[2024.06.30-21.28.19:427][  0]LogDerivedDataCache: Shared data cache path not found in *engine.ini, will not use an Shared cache.
[2024.06.30-21.28.19:427][  0]LogDerivedDataCache: Unable to find inner node Shared for hierarchical cache Hierarchy.
[2024.06.30-21.28.19:493][  0]LogSlate: Using FreeType 2.10.0
[2024.06.30-21.28.19:494][  0]LogSlate: SlateFontServices - WITH_FREETYPE: 1, WITH_HARFBUZZ: 1
[2024.06.30-21.28.19:618][  0]LogInit: Using OS detected language (pt-BR).
[2024.06.30-21.28.19:618][  0]LogInit: Using OS detected locale (pt-BR).
[2024.06.30-21.28.19:618][  0]LogTextLocalizationManager: No localization for 'pt-BR' exists, so 'en' will be used for the language.
[2024.06.30-21.28.19:618][  0]LogTextLocalizationManager: No localization for 'pt-BR' exists, so 'en' will be used for the locale.
[2024.06.30-21.28.19:619][  0]LogSlate: FontCache flush requested. Reason: Culture for localization was changed
[2024.06.30-21.28.19:619][  0]LogSlate: FontCache flush requested. Reason: Culture for localization was changed
[2024.06.30-21.28.19:623][  0]LogAssetRegistry: FAssetRegistry took 0.0035 seconds to start up
[2024.06.30-21.28.19:877][  0]LogTextLocalizationManager: Compacting localization data took   0.01ms
[2024.06.30-21.28.19:877][  0]LogCollisionProfile: Warning: ProfileRedirect (EntitiType : EntityType) - New Name ('EntityType') isn't found 
[2024.06.30-21.28.19:879][  0]LogPackageLocalizationCache: Processed 27 localized package path(s) for 1 prioritized culture(s) in 0.001349 seconds
[2024.06.30-21.28.19:980][  0]LogInit: Selected Device Profile: [Windows]
[2024.06.30-21.28.19:980][  0]LogInit: Active device profile: [000002264ACC9100][0000022645333A80 49] Windows
[2024.06.30-21.28.19:980][  0]LogInit: Profiles: [000002264ACC9100][0000022645333A80 49] Windows, [000002264AC83000][000002264533BC00 49] WindowsNoEditor, [000002264ACCA200][0000022645786200 49] WindowsServer, [000002264AC82200][000002264578A380 49] WindowsClient, [000002264ACC9700][000002264578E500 49] IOS, [000002264AC83200][0000022645792680 49] iPadAir, [000002264ACCBC00][0000022645796800 49] iPadAir2, [000002264AC39400][000002264579EAC0 49] IPadPro, [000002264AC39500][000002264579AB00 49] iPadAir3, [000002264AC81A00][00000226457A2C80 49] iPadAir4, [000002264AC3A300][00000226457A6E00 49] iPadMini2, [000002264AC83A00][00000226457AAF80 49] iPadMini3, [000002264AC3AF00][00000226457AF100 49] iPadMini4, [000002264AC82700][0000022636FBF280 49] iPadMini5, [000002264AC59000][0000022636FC7540 49] iPhone6, [000002264AC59100][0000022636FC3580 49] iPodTouch6, [000002264ACCB900][0000022636FCF840 49] iPhone7, [000002264ACCA900][0000022636FCB880 49] iPodTouch7, [000002264AC39000][00000226453379C0 49] iPhone5S, [000002264ACCAF00][0000022636FD3B00 49] iPhone6Plus, [000002264AC3B600][0000022636FD60C0 49] iPhone6S, [000002264ACC8C00][0000022636FDE240 49] iPhone6SPlus, [000002264ACC9D00][0000022636FE23C0 49] iPhone7Plus, [000002264AC58800][0000022636FE6540 49] iPhoneSE, [000002264ACC8400][0000022636FEA6C0 49] iPhone8, [000002264AC58900][0000022636FEE840 49] iPhone8Plus, [000002264AC5AE00][0000022636FF29C0 49] iPhoneX, [000002264AC39D00][0000022645228B40 49] iPhoneXS, [000002264AC5A700][000002264522CCC0 49] iPhoneXSMax, [000002264AC39C00][0000022645230E40 49] iPhoneXR, [000002264AC5A800][0000022645234FC0 49] iPhone11, [000002264AC38F00][0000022645239140 49] iPhone11Pro, [000002264AC58B00][000002264523D2C0 49] iPhone11ProMax, [000002264AC38D00][0000022645241440 49] iPhoneSE2, [000002264AC58E00][00000226452455C0 49] iPhone12Mini, [000002264ACCB800][0000022645249740 49] iPhone12, [000002264AC5B000][000002264524D8C0 49] iPhone12Pro, [000002264ACCB700][0000022645251A40 49] iPhone12ProMax, [000002264AC59E00][0000022636FDBB80 49] iPadPro105, [000002264ACC9300][0000022645254140 49] iPadPro129, [000002264AC5BE00][0000022645258280 49] iPadPro97, [000002264ACC9C00][000002264525C3C0 49] iPadPro2_129, [000002264AC5A000][0000022645264540 49] iPad5, [000002264ACCA300][00000226452686C0 49] iPad6, [000002264AC5BB00][000002264526C840 49] iPad7, [000002264ACC9E00][00000226452709C0 49] iPad8, [000002264AC5A900][000002264B480B40 49] iPadPro11, [000002264ACCA600][000002264B484CC0 49] iPadPro2_11, [000002264AC58F00][000002264B488E40 49] iPadPro3_129, [000002264ACC8200][000002264B48CFC0 49] iPadPro4_129, [000002264AC5BC00][000002264B491140 49] AppleTV, [000002264ACC9A00][000002264B4952C0 49] AppleTV4K, [000002264AC5A100][000002264B499440 49] TVOS, [000002264ACC8F00][000002264B49D5C0 49] Mac, [000002264AC5AF00][000002264B4A1740 49] MacClient, [000002264ACCBE00][000002264B4A58C0 49] MacNoEditor, [000002264AC5AC00][000002264B4A9A40 49] MacServer, [000002264ACCA700][000002264B4ADBC0 49] Linux, [000002264AC58400][0000022645260180 49] LinuxAArch64, [000002264ACC8700][000002264B4B02C0 49] LinuxNoEditor, [000002264AC5B700][000002264B4B4400 49] LinuxAArch64NoEditor, [000002264ACCBB00][000002264B4B8540 49] LinuxClient, [000002264AC5B400][000002264B4C06C0 49] LinuxAArch64Client, [000002264ACC9B00][000002264B4C4840 49] LinuxServer, [000002264AC58700][000002264B4C89C0 49] LinuxAArch64Server, [000002264ACCB300][000002264B4CCB40 49] Android, [000002264AC5AA00][000002264B4D0CC0 49] Android_Low, [000002264ACCAE00][000002264B4D4E40 49] Android_Mid, [000002264AC59F00][000002264B4D8FC0 49] Android_High, [000002264ACC9900][000002264B4DD140 49] Android_Default, [000002264AC58100][000002264B4E12C0 49] Android_Adreno4xx, [000002264ACC8600][000002264B4E5440 49] Android_Adreno5xx_Low, [000002264AC59400][000002264B4E95C0 49] Android_Adreno5xx, [000002264ACCB400][000002264B4ED740 49] Android_Adreno6xx, [000002264AC5A400][000002264B4F18C0 49] Android_Adreno6xx_Vulkan, [000002264ACCAD00][000002264B4F5A40 49] Android_Mali_T6xx, [000002264AC58600][000002264B4F9BC0 49] Android_Mali_T7xx, [000002264ACC8500][000002264B4FC1C0 49] Android_Mali_T8xx, [000002264AC58200][000002264B500340 49] Android_Mali_G71, [000002264AC3B100][000002264B4BC480 49] Android_Mali_G72, [000002264AC83800][000002264B5045C0 49] Android_Mali_G72_Vulkan, [000002264AC3AB00][000002264B508700 49] Android_Mali_G76, [000002264AC80500][000002264B510880 49] Android_Mali_G76_Vulkan, [000002264AC38C00][000002264B514A00 49] Android_Mali_G77, [000002264AC80600][000002264B518B80 49] Android_Mali_G77_Vulkan, [000002264AC3A400][000002264B51CD00 49] Android_Mali_G78, [000002264AC80D00][000002264B520E80 49] Android_Mali_G78_Vulkan, [000002264AC3BD00][000002264B525000 49] Android_Mali_G710, [000002264AC83400][000002264B529180 49] Android_Mali_G710_Vulkan, [000002264AC3AA00][000002264B52D300 49] Android_Vulkan_SM5, [000002264AC82300][000002264B531480 49] Android_PowerVR_G6xxx, [000002264AC38500][000002264B535600 49] Android_PowerVR_GT7xxx, [000002264AC80200][000002264B539780 49] Android_PowerVR_GE8xxx, [000002264AC3BB00][000002264B53D900 49] Android_PowerVR_GM9xxx, [000002264AC82A00][000002264B541A80 49] Android_PowerVR_GM9xxx_Vulkan, [000002264AC39F00][000002264B545C00 49] Android_TegraK1, [000002264AC80A00][000002264B548200 49] Android_Unknown_Vulkan, [000002264AC3B900][000002264B54C380 49] Lumin, [000002264AC81100][000002264B550500 49] Lumin_Desktop, [000002264AC3A000][000002264B50C640 49] HoloLens, 
[2024.06.30-21.28.20:010][  0]LogMeshReduction: Using QuadricMeshReduction for automatic static mesh reduction
[2024.06.30-21.28.20:010][  0]LogMeshReduction: Using SimplygonMeshReduction for automatic skeletal mesh reduction
[2024.06.30-21.28.20:010][  0]LogMeshReduction: Using ProxyLODMeshReduction for automatic mesh merging
[2024.06.30-21.28.20:010][  0]LogMeshReduction: No distributed automatic mesh merging module available
[2024.06.30-21.28.20:010][  0]LogMeshMerging: No distributed automatic mesh merging module available
[2024.06.30-21.28.20:199][  0]LogNetVersion: EscapeTheBackrooms 1.0.0, NetCL: 17155196, EngineNetVer: 17, GameNetVer: 0 (Checksum: 3701509013)
[2024.06.30-21.28.20:540][  0]LogTexture: Default maximum texture size for cubemaps generated from long-lat sources has been changed from 512 to unlimited. In order to preserve old behaiour for '/Engine/MapTemplates/Sky/DaylightAmbientCubemap.DaylightAmbientCubemap', its maximum texture size has been explicitly set to 512.
[2024.06.30-21.28.20:612][  0]LogHMD: PokeAHoleMaterial loaded successfully
[2024.06.30-21.28.20:702][  0]LogMoviePlayer: Initializing movie player
[2024.06.30-21.28.20:804][  0]LogNiagaraDebuggerClient: Niagara Debugger Client Initialized | Session: 31ADCC3F4F5102BEACA58BBABB16DEA7 | Instance: ADDAFC4C491A9382455E4CA3583E4842 (DESKTOP-D2RTK69-16204).
[2024.06.30-21.28.20:834][  0]LogCollectionManager: Loaded 0 collections in 0.002111 seconds
[2024.06.30-21.28.20:837][  0]LogFileCache: Scanning file cache for directory 'C:/Users/Playeroth/Documents/EscapeTheBackrooms--Mods/MainMod/Saved/Collections/' took 0.00s
[2024.06.30-21.28.20:837][  0]LogFileCache: Scanning file cache for directory 'C:/Users/Playeroth/Documents/EscapeTheBackrooms--Mods/MainMod/Content/Developers/Playeroth/Collections/' took 0.00s
[2024.06.30-21.28.20:837][  0]LogFileCache: Scanning file cache for directory 'C:/Users/Playeroth/Documents/EscapeTheBackrooms--Mods/MainMod/Content/Collections/' took 0.00s
[2024.06.30-21.28.20:837][  0]LogCollectionManager: Fixed up redirectors for 0 collections in 0.000002 seconds (updated 0 objects)
[2024.06.30-21.28.20:856][  0]LogPython: Using Python 3.7.7
[2024.06.30-21.28.21:565][  0]LogTcpMessaging: Initializing TcpMessaging bridge
[2024.06.30-21.28.21:568][  0]LogUdpMessaging: Initializing bridge on interface 0.0.0.0:0 to multicast group 230.0.0.1:6666.
[2024.06.30-21.28.21:642][  0]SourceControl: Source control is disabled
[2024.06.30-21.28.21:642][  0]SourceControl: Source control is disabled
[2024.06.30-21.28.21:644][  0]SourceControl: Source control is disabled
[2024.06.30-21.28.21:649][  0]LogUProjectInfo: Found projects:
[2024.06.30-21.28.21:705][  0]LogOpenImageDenoise: OIDN starting up
[2024.06.30-21.28.21:735][  0]LogAndroidPermission: UAndroidPermissionCallbackProxy::GetInstance
[2024.06.30-21.28.21:766][  0]LogAudioCaptureCore: Display: No Audio Capture implementations found. Audio input will be silent.
[2024.06.30-21.28.21:766][  0]LogAudioCaptureCore: Display: No Audio Capture implementations found. Audio input will be silent.
[2024.06.30-21.28.21:817][  0]LogOcInput: OculusInput pre-init called
[2024.06.30-21.28.21:830][  0]LogUObjectArray: 22125 objects as part of root set at end of initial load.
[2024.06.30-21.28.21:830][  0]LogUObjectAllocator: 5977472 out of 0 bytes used by permanent object pool.
[2024.06.30-21.28.21:830][  0]LogUObjectArray: CloseDisregardForGC: 0/0 objects in disregard for GC pool
[2024.06.30-21.28.21:884][  0]LogEngine: Initializing Engine...
[2024.06.30-21.28.21:886][  0]LogHMD: Failed to enumerate extensions. Please check that you have a valid OpenXR runtime installed.
[2024.06.30-21.28.21:886][  0]LogHMD: Failed to initialize OpenVR with code 110
[2024.06.30-21.28.21:886][  0]LogMagicLeap: Warning: VR disabled because ZI is not enabled.  To enable, in the editor, Edit -> Project Settings -> Plugins -> Magic Leap Plugin -> Enable Zero Iteration
[2024.06.30-21.28.21:888][  0]LogStats: UGameplayTagsManager::InitializeManager -  0.000 s
[2024.06.30-21.28.22:042][  0]LogInit: Initializing FReadOnlyCVARCache
[2024.06.30-21.28.22:042][  0]LogAudio: Display: Initializing Audio Device Manager...
[2024.06.30-21.28.22:053][  0]LogAudio: Display: Loading Default Audio Settings Objects...
[2024.06.30-21.28.22:054][  0]LogAudio: Display: No default SoundConcurrencyObject specified (or failed to load).
[2024.06.30-21.28.22:055][  0]LogAudio: Display: Audio Device Manager Initialized
[2024.06.30-21.28.22:055][  0]LogAudio: Display: Creating Audio Device:                 Id: 1, Scope: Shared, Realtime: True
[2024.06.30-21.28.22:055][  0]LogAudioMixer: Display: Audio Mixer Platform Settings:
[2024.06.30-21.28.22:055][  0]LogAudioMixer: Display: 	Sample Rate:						  48000
[2024.06.30-21.28.22:055][  0]LogAudioMixer: Display: 	Callback Buffer Frame Size Requested: 256
[2024.06.30-21.28.22:055][  0]LogAudioMixer: Display: 	Callback Buffer Frame Size To Use:	  256
[2024.06.30-21.28.22:055][  0]LogAudioMixer: Display: 	Number of buffers to queue:			  7
[2024.06.30-21.28.22:055][  0]LogAudioMixer: Display: 	Max Channels (voices):				  32
[2024.06.30-21.28.22:055][  0]LogAudioMixer: Display: 	Number of Async Source Workers:		  0
[2024.06.30-21.28.22:055][  0]LogAudio: Display: AudioDevice MaxSources: 32
[2024.06.30-21.28.22:056][  0]LogAudio: Display: Audio Spatialization Plugin: None (built-in).
[2024.06.30-21.28.22:056][  0]LogAudio: Display: Audio Reverb Plugin: None (built-in).
[2024.06.30-21.28.22:057][  0]LogAudio: Display: Audio Occlusion Plugin: None (built-in).
[2024.06.30-21.28.22:057][  0]LogAudioMixer: Display: Initializing audio mixer.
[2024.06.30-21.28.22:093][  0]LogAudioMixer: Display: 0: FrontLeft
[2024.06.30-21.28.22:093][  0]LogAudioMixer: Display: 1: FrontRight
[2024.06.30-21.28.22:153][  0]LogAudioMixer: Display: Using Audio Device Alto-falantes (Realtek High Definition Audio)
[2024.06.30-21.28.22:163][  0]LogAudioMixer: Display: Initializing Sound Submixes...
[2024.06.30-21.28.22:165][  0]LogAudioMixer: Display: Creating Master Submix 'MasterSubmixDefault'
[2024.06.30-21.28.22:165][  0]LogAudioMixer: Display: Creating Master Submix 'MasterReverbSubmixDefault'
[2024.06.30-21.28.22:167][  0]LogAudioMixer: Display: Creating Master Submix 'MasterEQSubmixDefault'
[2024.06.30-21.28.22:167][  0]LogAudioMixer: FMixerPlatformXAudio2::StartAudioStream() called
[2024.06.30-21.28.22:167][  0]LogAudioMixer: Display: Output buffers initialized: Frames=256, Channels=2, Samples=512
[2024.06.30-21.28.22:169][  0]LogAudioMixer: Display: Starting AudioMixerPlatformInterface::RunInternal()
[2024.06.30-21.28.22:169][  0]LogAudioMixer: Display: FMixerPlatformXAudio2::SubmitBuffer() called for the first time
[2024.06.30-21.28.22:169][  0]LogInit: FAudioDevice initialized.
[2024.06.30-21.28.22:173][  0]LogNetVersion: Set ProjectVersion to 1.0.0.0. Version Checksum will be recalculated on next use.
[2024.06.30-21.28.22:176][  0]LogInit: Texture streaming: Enabled
[2024.06.30-21.28.22:279][  0]LogAudio: Display: Audio Device (ID: 1) registered with world 'Untitled'.
[2024.06.30-21.28.22:280][  0]LogSlate: Updating window title bar state: overlay mode, drag disabled, window buttons hidden, title bar hidden
[2024.06.30-21.28.22:281][  0]LogInit: Display: Game Engine Initialized.
[2024.06.30-21.28.22:281][  0]LogNiagaraEditor: GEditor isn't valid! Particle reset commands will not work for Niagara components!
[2024.06.30-21.28.22:392][  0]LogInit: Display: Starting Game.
[2024.06.30-21.28.22:392][  0]LogNet: Browse: 127.0.0.1:17777/Engine/Maps/Entry?Name=Player
[2024.06.30-21.28.22:392][  0]LogInit: WinSock: Socket queue. Rx: 32768 (config 32768) Tx: 32768 (config 32768)
[2024.06.30-21.28.22:392][  0]LogNet: Created socket for bind address: 0.0.0.0 on port 0
[2024.06.30-21.28.22:393][  0]PacketHandlerLog: Loaded PacketHandler component: Engine.EngineHandlerComponentFactory (StatelessConnectHandlerComponent)
[2024.06.30-21.28.22:393][  0]LogNet: Game client on port 17777, rate 100000
[2024.06.30-21.28.23:315][  0]LogInit: Display: Engine is initialized. Leaving FEngineLoop::Init()
[2024.06.30-21.28.23:315][  0]LogLoad: (Engine Initialization) Total time: 8.32 seconds
[2024.06.30-21.28.23:315][  0]LogLoad: (Engine Initialization) Total Blueprint compile time: 0.00 seconds
[2024.06.30-21.28.23:323][  0]LogContentStreaming: Texture pool size now 1000 MB
[2024.06.30-21.28.23:326][  0]LogSlate: InvalidateAllWidgets triggered.  All widgets were invalidated
[2024.06.30-21.28.23:414][ 31]LogHandshake: SendChallengeResponse. Timestamp: 1.392466, Cookie: 006122235195230048163243062100159044206108031173170203189021
[2024.06.30-21.28.23:453][ 65]LogNetVersion: EscapeTheBackrooms 1.0.0.0, NetCL: 17155196, EngineNetVer: 17, GameNetVer: 0 (Checksum: 2677885195)
[2024.06.30-21.28.23:453][ 65]LogNet: UPendingNetGame::SendInitialJoin: Sending hello. [UNetConnection] RemoteAddr: 127.0.0.1:17777, Name: IpConnection_0, Driver: PendingNetDriver IpNetDriver_0, IsServer: NO, PC: NULL, Owner: NULL, UniqueId: INVALID
[2024.06.30-21.28.23:515][126]LogNet: Welcomed by server (Level: /Game/_DefaultMap/Untitled, Game: /Game/_DefaultMap/Gamemode_Main.Gamemode_Main_C)
[2024.06.30-21.28.23:516][126]LogLoad: LoadMap: 127.0.0.1:17777/Game/_DefaultMap/Untitled?Name=Player?game=/Game/_DefaultMap/Gamemode_Main.Gamemode_Main_C
[2024.06.30-21.28.23:516][126]LogWorld: BeginTearingDown for /Temp/Untitled_0
[2024.06.30-21.28.23:516][126]LogWorld: UWorld::CleanupWorld for Untitled, bSessionEnded=true, bCleanupResources=true
[2024.06.30-21.28.23:516][126]LogSlate: InvalidateAllWidgets triggered.  All widgets were invalidated
[2024.06.30-21.28.23:522][126]LogAudio: Display: Audio Device unregistered from world 'None'.
[2024.06.30-21.28.23:525][126]LogUObjectHash: Compacting FUObjectHashTables data took   0.95ms
[2024.06.30-21.28.23:622][126]LogAudio: Display: Audio Device (ID: 1) registered with world 'Untitled'.
[2024.06.30-21.28.23:629][126]LogWorld: Bringing World /Game/_DefaultMap/Untitled.Untitled up for play (max tick rate 0) at 2024.06.30-18.28.23
[2024.06.30-21.28.23:629][126]LogWorld: Bringing up level for play took: 0.004654
[2024.06.30-21.28.23:630][126]LogSlate: Took 0.000224 seconds to synchronously load lazily loaded font '../../../Engine/Content/Slate/Fonts/Roboto-Regular.ttf' (155K)
[2024.06.30-21.28.23:630][126]LogLoad: Took 0.114601 seconds to LoadMap(/Game/_DefaultMap/Untitled)
[2024.06.30-21.28.23:631][126]LogNavigation: Warning: NavData RegistrationFailed_DataPendingKill.
[2024.06.30-21.28.23:638][128]LogRenderer: Reallocating scene render targets to support 640x480 Format 10 NumSamples 1 (Frame:1).
[2024.06.30-21.28.23:774][128]LogOnlineSession: Warning: OSS: No game present to join for session (GameSession)
[2024.06.30-21.28.23:774][128]LogOnlineSession: Warning: OSS: No game present to join for session (GameSession)
[2024.06.30-21.28.24:486][210]LogOnlineSession: Warning: OSS: No game present to join for session (GameSession)
[2024.06.30-21.28.33:297][983]LogBlueprintUserMessages: [ClientActor_C_0] Hello
[2024.06.30-21.28.33:297][983]LogBlueprintUserMessages: [BP_FPS_Character_C_2] Hello
[2024.06.30-21.28.33:297][983]LogBlueprintUserMessages: [ClientActor_C_1] Hello
[2024.06.30-21.28.33:297][983]LogBlueprintUserMessages: [BP_FPS_Character_C_1] Hello
[2024.06.30-21.28.33:297][983]LogBlueprintUserMessages: [ClientActor_C_2] Hello
[2024.06.30-21.28.33:297][983]LogBlueprintUserMessages: [BP_FPS_Character_C_0] Hello
[2024.06.30-21.28.34:327][235]LogBlueprintUserMessages: [ClientActor_C_3] Hello
[2024.06.30-21.28.34:327][235]LogBlueprintUserMessages: [BP_FPS_Character_C_2] Hello
[2024.06.30-21.28.34:327][235]LogBlueprintUserMessages: [ClientActor_C_4] Hello
[2024.06.30-21.28.34:327][235]LogBlueprintUserMessages: [BP_FPS_Character_C_1] Hello
[2024.06.30-21.28.34:327][235]LogBlueprintUserMessages: [ClientActor_C_5] Hello
[2024.06.30-21.28.34:327][235]LogBlueprintUserMessages: [BP_FPS_Character_C_0] Hello
[2024.06.30-21.28.35:778][470]LogBlueprintUserMessages: [ClientActor_C_6] Hello
[2024.06.30-21.28.35:778][470]LogBlueprintUserMessages: [BP_FPS_Character_C_2] Hello
[2024.06.30-21.28.35:778][470]LogBlueprintUserMessages: [ClientActor_C_7] Hello
[2024.06.30-21.28.35:778][470]LogBlueprintUserMessages: [BP_FPS_Character_C_1] Hello
[2024.06.30-21.28.35:778][470]LogBlueprintUserMessages: [ClientActor_C_8] Hello
[2024.06.30-21.28.35:778][470]LogBlueprintUserMessages: [BP_FPS_Character_C_0] Hello
